src/app/(app)/companies/[slug]/page.tsx(120,30): error TS2304: Cannot find name 'Separator'.
